// Jest Snapshot v1, https://goo.gl/fbAQLP

exports[`content integrity sentinel audit snapshot 1`] = `
{
  "boss.atk": 24,
  "boss.def": 24,
  "boss.hp": 24,
  "class.basicAttackSkillId": 50,
  "class.ctRange": 50,
  "class.passive.magnitude": 15,
  "lineage.upgradeBonus.magnitude": 10,
  "lineage.upgradeBonuses": 11,
  "skill.effect.magnitude": 27,
}
`;
